---
source: crates/oratos/src/report/json.rs
expression: format_json(&report)
---
{
  "core_version": "0.3.0",
  "target": {
    "path_or_url": "./test",
    "kind": "directory"
  },
  "pages": [],
  "findings": [],
  "scores": {
    "seo": 100.0,
    "accessibility": 100.0,
    "structured_data": 100.0,
    "llm_readiness": 100.0,
    "overall": 100.0
  },
  "page_count": 0
}
